=== START BUILDING ===
=== Build writer ===
=== Build model init ===
=== Load Pretrained ===
=== START BUILDING ===
=== Build writer ===
=== Build model init ===
=== Load Pretrained ===
=== Build model layers ===
=== Build adjust learning rate ===
=== Model ===
TransformerSummarizer(
  (model): BartForConditionalGeneration(
    (model): BartModel(
      (shared): Embedding(40030, 1024, padding_idx=1)
      (encoder): BartEncoder(
        (embed_tokens): Embedding(40030, 1024, padding_idx=1)
        (embed_positions): BartLearnedPositionalEmbedding(1026, 1024)
        (layers): ModuleList(
          (0-11): 12 x BartEncoderLayer(
            (self_attn): BartSdpaAttention(
              (k_proj): Linear(in_features=1024, out_features=1024, bias=True)
              (v_proj): Linear(in_features=1024, out_features=1024, bias=True)
              (q_proj): Linear(in_features=1024, out_features=1024, bias=True)
              (out_proj): Linear(in_features=1024, out_features=1024, bias=True)
            )
            (self_attn_layer_norm): LayerNorm((1024,), eps=1e-05, elementwise_affine=True)
            (activation_fn): GELUActivation()
            (fc1): Linear(in_features=1024, out_features=4096, bias=True)
            (fc2): Linear(in_features=4096, out_features=1024, bias=True)
            (final_layer_norm): LayerNorm((1024,), eps=1e-05, elementwise_affine=True)
          )
        )
        (layernorm_embedding): LayerNorm((1024,), eps=1e-05, elementwise_affine=True)
      )
      (decoder): BartDecoder(
        (embed_tokens): Embedding(40030, 1024, padding_idx=1)
        (embed_positions): BartLearnedPositionalEmbedding(1026, 1024)
        (layers): ModuleList(
          (0-11): 12 x BartDecoderLayer(
            (self_attn): BartSdpaAttention(
              (k_proj): Linear(in_features=1024, out_features=1024, bias=True)
              (v_proj): Linear(in_features=1024, out_features=1024, bias=True)
              (q_proj): Linear(in_features=1024, out_features=1024, bias=True)
              (out_proj): Linear(in_features=1024, out_features=1024, bias=True)
            )
            (activation_fn): GELUActivation()
            (self_attn_layer_norm): LayerNorm((1024,), eps=1e-05, elementwise_affine=True)
            (encoder_attn): BartSdpaAttention(
              (k_proj): Linear(in_features=1024, out_features=1024, bias=True)
              (v_proj): Linear(in_features=1024, out_features=1024, bias=True)
              (q_proj): Linear(in_features=1024, out_features=1024, bias=True)
              (out_proj): Linear(in_features=1024, out_features=1024, bias=True)
            )
            (encoder_attn_layer_norm): LayerNorm((1024,), eps=1e-05, elementwise_affine=True)
            (fc1): Linear(in_features=1024, out_features=4096, bias=True)
            (fc2): Linear(in_features=4096, out_features=1024, bias=True)
            (final_layer_norm): LayerNorm((1024,), eps=1e-05, elementwise_affine=True)
          )
        )
        (layernorm_embedding): LayerNorm((1024,), eps=1e-05, elementwise_affine=True)
      )
    )
    (lm_head): Linear(in_features=1024, out_features=40030, bias=False)
  )
  (encoder): BartEncoder(
    (embed_tokens): Embedding(40030, 1024, padding_idx=1)
    (embed_positions): BartLearnedPositionalEmbedding(1026, 1024)
    (layers): ModuleList(
      (0-11): 12 x BartEncoderLayer(
        (self_attn): BartSdpaAttention(
          (k_proj): Linear(in_features=1024, out_features=1024, bias=True)
          (v_proj): Linear(in_features=1024, out_features=1024, bias=True)
          (q_proj): Linear(in_features=1024, out_features=1024, bias=True)
          (out_proj): Linear(in_features=1024, out_features=1024, bias=True)
        )
        (self_attn_layer_norm): LayerNorm((1024,), eps=1e-05, elementwise_affine=True)
        (activation_fn): GELUActivation()
        (fc1): Linear(in_features=1024, out_features=4096, bias=True)
        (fc2): Linear(in_features=4096, out_features=1024, bias=True)
        (final_layer_norm): LayerNorm((1024,), eps=1e-05, elementwise_affine=True)
      )
    )
    (layernorm_embedding): LayerNorm((1024,), eps=1e-05, elementwise_affine=True)
  )
  (decoder): Decoder(
    (decoder): BartDecoder(
      (embed_tokens): Embedding(40030, 1024, padding_idx=1)
      (embed_positions): BartLearnedPositionalEmbedding(1026, 1024)
      (layers): ModuleList(
        (0-11): 12 x BartDecoderLayer(
          (self_attn): BartSdpaAttention(
            (k_proj): Linear(in_features=1024, out_features=1024, bias=True)
            (v_proj): Linear(in_features=1024, out_features=1024, bias=True)
            (q_proj): Linear(in_features=1024, out_features=1024, bias=True)
            (out_proj): Linear(in_features=1024, out_features=1024, bias=True)
          )
          (activation_fn): GELUActivation()
          (self_attn_layer_norm): LayerNorm((1024,), eps=1e-05, elementwise_affine=True)
          (encoder_attn): BartSdpaAttention(
            (k_proj): Linear(in_features=1024, out_features=1024, bias=True)
            (v_proj): Linear(in_features=1024, out_features=1024, bias=True)
            (q_proj): Linear(in_features=1024, out_features=1024, bias=True)
            (out_proj): Linear(in_features=1024, out_features=1024, bias=True)
          )
          (encoder_attn_layer_norm): LayerNorm((1024,), eps=1e-05, elementwise_affine=True)
          (fc1): Linear(in_features=1024, out_features=4096, bias=True)
          (fc2): Linear(in_features=4096, out_features=1024, bias=True)
          (final_layer_norm): LayerNorm((1024,), eps=1e-05, elementwise_affine=True)
        )
      )
      (layernorm_embedding): LayerNorm((1024,), eps=1e-05, elementwise_affine=True)
    )
  )
  (classifier): Classifier(
    (classifier): Linear(in_features=1024, out_features=40030, bias=False)
  )
  (encoder_description): Encoder(
    (encoder): BartEncoder(
      (embed_tokens): Embedding(40030, 1024, padding_idx=1)
      (embed_positions): BartLearnedPositionalEmbedding(1026, 1024)
      (layers): ModuleList(
        (0-11): 12 x BartEncoderLayer(
          (self_attn): BartSdpaAttention(
            (k_proj): Linear(in_features=1024, out_features=1024, bias=True)
            (v_proj): Linear(in_features=1024, out_features=1024, bias=True)
            (q_proj): Linear(in_features=1024, out_features=1024, bias=True)
            (out_proj): Linear(in_features=1024, out_features=1024, bias=True)
          )
          (self_attn_layer_norm): LayerNorm((1024,), eps=1e-05, elementwise_affine=True)
          (activation_fn): GELUActivation()
          (fc1): Linear(in_features=1024, out_features=4096, bias=True)
          (fc2): Linear(in_features=4096, out_features=1024, bias=True)
          (final_layer_norm): LayerNorm((1024,), eps=1e-05, elementwise_affine=True)
        )
      )
      (layernorm_embedding): LayerNorm((1024,), eps=1e-05, elementwise_affine=True)
    )
  )
  (encoder_summary): Encoder(
    (encoder): BartEncoder(
      (embed_tokens): Embedding(40030, 1024, padding_idx=1)
      (embed_positions): BartLearnedPositionalEmbedding(1026, 1024)
      (layers): ModuleList(
        (0-11): 12 x BartEncoderLayer(
          (self_attn): BartSdpaAttention(
            (k_proj): Linear(in_features=1024, out_features=1024, bias=True)
            (v_proj): Linear(in_features=1024, out_features=1024, bias=True)
            (q_proj): Linear(in_features=1024, out_features=1024, bias=True)
            (out_proj): Linear(in_features=1024, out_features=1024, bias=True)
          )
          (self_attn_layer_norm): LayerNorm((1024,), eps=1e-05, elementwise_affine=True)
          (activation_fn): GELUActivation()
          (fc1): Linear(in_features=1024, out_features=4096, bias=True)
          (fc2): Linear(in_features=4096, out_features=1024, bias=True)
          (final_layer_norm): LayerNorm((1024,), eps=1e-05, elementwise_affine=True)
        )
      )
      (layernorm_embedding): LayerNorm((1024,), eps=1e-05, elementwise_affine=True)
    )
  )
)
Starting training...
Training epoch: 1
Training epoch: 1 - Batch: 0
=== START BUILDING ===
=== Build writer ===
=== Build model init ===
=== Load Pretrained ===
=== Build model layers ===
=== Build adjust learning rate ===
=== Model ===
TransformerSummarizer(
  (model): BartForConditionalGeneration(
    (model): BartModel(
      (shared): Embedding(40030, 1024, padding_idx=1)
      (encoder): BartEncoder(
        (embed_tokens): Embedding(40030, 1024, padding_idx=1)
        (embed_positions): BartLearnedPositionalEmbedding(1026, 1024)
        (layers): ModuleList(
          (0-11): 12 x BartEncoderLayer(
            (self_attn): BartSdpaAttention(
              (k_proj): Linear(in_features=1024, out_features=1024, bias=True)
              (v_proj): Linear(in_features=1024, out_features=1024, bias=True)
              (q_proj): Linear(in_features=1024, out_features=1024, bias=True)
              (out_proj): Linear(in_features=1024, out_features=1024, bias=True)
            )
            (self_attn_layer_norm): LayerNorm((1024,), eps=1e-05, elementwise_affine=True)
            (activation_fn): GELUActivation()
            (fc1): Linear(in_features=1024, out_features=4096, bias=True)
            (fc2): Linear(in_features=4096, out_features=1024, bias=True)
            (final_layer_norm): LayerNorm((1024,), eps=1e-05, elementwise_affine=True)
          )
        )
        (layernorm_embedding): LayerNorm((1024,), eps=1e-05, elementwise_affine=True)
      )
      (decoder): BartDecoder(
        (embed_tokens): Embedding(40030, 1024, padding_idx=1)
        (embed_positions): BartLearnedPositionalEmbedding(1026, 1024)
        (layers): ModuleList(
          (0-11): 12 x BartDecoderLayer(
            (self_attn): BartSdpaAttention(
              (k_proj): Linear(in_features=1024, out_features=1024, bias=True)
              (v_proj): Linear(in_features=1024, out_features=1024, bias=True)
              (q_proj): Linear(in_features=1024, out_features=1024, bias=True)
              (out_proj): Linear(in_features=1024, out_features=1024, bias=True)
            )
            (activation_fn): GELUActivation()
            (self_attn_layer_norm): LayerNorm((1024,), eps=1e-05, elementwise_affine=True)
            (encoder_attn): BartSdpaAttention(
              (k_proj): Linear(in_features=1024, out_features=1024, bias=True)
              (v_proj): Linear(in_features=1024, out_features=1024, bias=True)
              (q_proj): Linear(in_features=1024, out_features=1024, bias=True)
              (out_proj): Linear(in_features=1024, out_features=1024, bias=True)
            )
            (encoder_attn_layer_norm): LayerNorm((1024,), eps=1e-05, elementwise_affine=True)
            (fc1): Linear(in_features=1024, out_features=4096, bias=True)
            (fc2): Linear(in_features=4096, out_features=1024, bias=True)
            (final_layer_norm): LayerNorm((1024,), eps=1e-05, elementwise_affine=True)
          )
        )
        (layernorm_embedding): LayerNorm((1024,), eps=1e-05, elementwise_affine=True)
      )
    )
    (lm_head): Linear(in_features=1024, out_features=40030, bias=False)
  )
  (encoder): BartEncoder(
    (embed_tokens): Embedding(40030, 1024, padding_idx=1)
    (embed_positions): BartLearnedPositionalEmbedding(1026, 1024)
    (layers): ModuleList(
      (0-11): 12 x BartEncoderLayer(
        (self_attn): BartSdpaAttention(
          (k_proj): Linear(in_features=1024, out_features=1024, bias=True)
          (v_proj): Linear(in_features=1024, out_features=1024, bias=True)
          (q_proj): Linear(in_features=1024, out_features=1024, bias=True)
          (out_proj): Linear(in_features=1024, out_features=1024, bias=True)
        )
        (self_attn_layer_norm): LayerNorm((1024,), eps=1e-05, elementwise_affine=True)
        (activation_fn): GELUActivation()
        (fc1): Linear(in_features=1024, out_features=4096, bias=True)
        (fc2): Linear(in_features=4096, out_features=1024, bias=True)
        (final_layer_norm): LayerNorm((1024,), eps=1e-05, elementwise_affine=True)
      )
    )
    (layernorm_embedding): LayerNorm((1024,), eps=1e-05, elementwise_affine=True)
  )
  (decoder): Decoder(
    (decoder): BartDecoder(
      (embed_tokens): Embedding(40030, 1024, padding_idx=1)
      (embed_positions): BartLearnedPositionalEmbedding(1026, 1024)
      (layers): ModuleList(
        (0-11): 12 x BartDecoderLayer(
          (self_attn): BartSdpaAttention(
            (k_proj): Linear(in_features=1024, out_features=1024, bias=True)
            (v_proj): Linear(in_features=1024, out_features=1024, bias=True)
            (q_proj): Linear(in_features=1024, out_features=1024, bias=True)
            (out_proj): Linear(in_features=1024, out_features=1024, bias=True)
          )
          (activation_fn): GELUActivation()
          (self_attn_layer_norm): LayerNorm((1024,), eps=1e-05, elementwise_affine=True)
          (encoder_attn): BartSdpaAttention(
            (k_proj): Linear(in_features=1024, out_features=1024, bias=True)
            (v_proj): Linear(in_features=1024, out_features=1024, bias=True)
            (q_proj): Linear(in_features=1024, out_features=1024, bias=True)
            (out_proj): Linear(in_features=1024, out_features=1024, bias=True)
          )
          (encoder_attn_layer_norm): LayerNorm((1024,), eps=1e-05, elementwise_affine=True)
          (fc1): Linear(in_features=1024, out_features=4096, bias=True)
          (fc2): Linear(in_features=4096, out_features=1024, bias=True)
          (final_layer_norm): LayerNorm((1024,), eps=1e-05, elementwise_affine=True)
        )
      )
      (layernorm_embedding): LayerNorm((1024,), eps=1e-05, elementwise_affine=True)
    )
  )
  (classifier): Classifier(
    (classifier): Linear(in_features=1024, out_features=40030, bias=False)
  )
  (encoder_description): Encoder(
    (encoder): BartEncoder(
      (embed_tokens): Embedding(40030, 1024, padding_idx=1)
      (embed_positions): BartLearnedPositionalEmbedding(1026, 1024)
      (layers): ModuleList(
        (0-11): 12 x BartEncoderLayer(
          (self_attn): BartSdpaAttention(
            (k_proj): Linear(in_features=1024, out_features=1024, bias=True)
            (v_proj): Linear(in_features=1024, out_features=1024, bias=True)
            (q_proj): Linear(in_features=1024, out_features=1024, bias=True)
            (out_proj): Linear(in_features=1024, out_features=1024, bias=True)
          )
          (self_attn_layer_norm): LayerNorm((1024,), eps=1e-05, elementwise_affine=True)
          (activation_fn): GELUActivation()
          (fc1): Linear(in_features=1024, out_features=4096, bias=True)
          (fc2): Linear(in_features=4096, out_features=1024, bias=True)
          (final_layer_norm): LayerNorm((1024,), eps=1e-05, elementwise_affine=True)
        )
      )
      (layernorm_embedding): LayerNorm((1024,), eps=1e-05, elementwise_affine=True)
    )
  )
  (encoder_summary): Encoder(
    (encoder): BartEncoder(
      (embed_tokens): Embedding(40030, 1024, padding_idx=1)
      (embed_positions): BartLearnedPositionalEmbedding(1026, 1024)
      (layers): ModuleList(
        (0-11): 12 x BartEncoderLayer(
          (self_attn): BartSdpaAttention(
            (k_proj): Linear(in_features=1024, out_features=1024, bias=True)
            (v_proj): Linear(in_features=1024, out_features=1024, bias=True)
            (q_proj): Linear(in_features=1024, out_features=1024, bias=True)
            (out_proj): Linear(in_features=1024, out_features=1024, bias=True)
          )
          (self_attn_layer_norm): LayerNorm((1024,), eps=1e-05, elementwise_affine=True)
          (activation_fn): GELUActivation()
          (fc1): Linear(in_features=1024, out_features=4096, bias=True)
          (fc2): Linear(in_features=4096, out_features=1024, bias=True)
          (final_layer_norm): LayerNorm((1024,), eps=1e-05, elementwise_affine=True)
        )
      )
      (layernorm_embedding): LayerNorm((1024,), eps=1e-05, elementwise_affine=True)
    )
  )
)
Starting training...
Training epoch: 1
Training epoch: 1 - Batch: 0
Training epoch: 1 - Batch: 1
Training epoch: 1 - Batch: 2
Training epoch: 1 - Batch: 3
=== START BUILDING ===
=== Build writer ===
=== Build model init ===
=== Load Pretrained ===
=== Build model layers ===
=== Build adjust learning rate ===
=== START BUILDING ===
=== Build writer ===
=== Build model init ===
=== Load Pretrained ===
=== Build model layers ===
=== Build adjust learning rate ===
=== Model ===
TransformerSummarizer(
  (model): BartForConditionalGeneration(
    (model): BartModel(
      (shared): Embedding(40030, 1024, padding_idx=1)
      (encoder): BartEncoder(
        (embed_tokens): Embedding(40030, 1024, padding_idx=1)
        (embed_positions): BartLearnedPositionalEmbedding(1026, 1024)
        (layers): ModuleList(
          (0-11): 12 x BartEncoderLayer(
            (self_attn): BartSdpaAttention(
              (k_proj): Linear(in_features=1024, out_features=1024, bias=True)
              (v_proj): Linear(in_features=1024, out_features=1024, bias=True)
              (q_proj): Linear(in_features=1024, out_features=1024, bias=True)
              (out_proj): Linear(in_features=1024, out_features=1024, bias=True)
            )
            (self_attn_layer_norm): LayerNorm((1024,), eps=1e-05, elementwise_affine=True)
            (activation_fn): GELUActivation()
            (fc1): Linear(in_features=1024, out_features=4096, bias=True)
            (fc2): Linear(in_features=4096, out_features=1024, bias=True)
            (final_layer_norm): LayerNorm((1024,), eps=1e-05, elementwise_affine=True)
          )
        )
        (layernorm_embedding): LayerNorm((1024,), eps=1e-05, elementwise_affine=True)
      )
      (decoder): BartDecoder(
        (embed_tokens): Embedding(40030, 1024, padding_idx=1)
        (embed_positions): BartLearnedPositionalEmbedding(1026, 1024)
        (layers): ModuleList(
          (0-11): 12 x BartDecoderLayer(
            (self_attn): BartSdpaAttention(
              (k_proj): Linear(in_features=1024, out_features=1024, bias=True)
              (v_proj): Linear(in_features=1024, out_features=1024, bias=True)
              (q_proj): Linear(in_features=1024, out_features=1024, bias=True)
              (out_proj): Linear(in_features=1024, out_features=1024, bias=True)
            )
            (activation_fn): GELUActivation()
            (self_attn_layer_norm): LayerNorm((1024,), eps=1e-05, elementwise_affine=True)
            (encoder_attn): BartSdpaAttention(
              (k_proj): Linear(in_features=1024, out_features=1024, bias=True)
              (v_proj): Linear(in_features=1024, out_features=1024, bias=True)
              (q_proj): Linear(in_features=1024, out_features=1024, bias=True)
              (out_proj): Linear(in_features=1024, out_features=1024, bias=True)
            )
            (encoder_attn_layer_norm): LayerNorm((1024,), eps=1e-05, elementwise_affine=True)
            (fc1): Linear(in_features=1024, out_features=4096, bias=True)
            (fc2): Linear(in_features=4096, out_features=1024, bias=True)
            (final_layer_norm): LayerNorm((1024,), eps=1e-05, elementwise_affine=True)
          )
        )
        (layernorm_embedding): LayerNorm((1024,), eps=1e-05, elementwise_affine=True)
      )
    )
    (lm_head): Linear(in_features=1024, out_features=40030, bias=False)
  )
  (encoder): BartEncoder(
    (embed_tokens): Embedding(40030, 1024, padding_idx=1)
    (embed_positions): BartLearnedPositionalEmbedding(1026, 1024)
    (layers): ModuleList(
      (0-11): 12 x BartEncoderLayer(
        (self_attn): BartSdpaAttention(
          (k_proj): Linear(in_features=1024, out_features=1024, bias=True)
          (v_proj): Linear(in_features=1024, out_features=1024, bias=True)
          (q_proj): Linear(in_features=1024, out_features=1024, bias=True)
          (out_proj): Linear(in_features=1024, out_features=1024, bias=True)
        )
        (self_attn_layer_norm): LayerNorm((1024,), eps=1e-05, elementwise_affine=True)
        (activation_fn): GELUActivation()
        (fc1): Linear(in_features=1024, out_features=4096, bias=True)
        (fc2): Linear(in_features=4096, out_features=1024, bias=True)
        (final_layer_norm): LayerNorm((1024,), eps=1e-05, elementwise_affine=True)
      )
    )
    (layernorm_embedding): LayerNorm((1024,), eps=1e-05, elementwise_affine=True)
  )
  (decoder): Decoder(
    (decoder): BartDecoder(
      (embed_tokens): Embedding(40030, 1024, padding_idx=1)
      (embed_positions): BartLearnedPositionalEmbedding(1026, 1024)
      (layers): ModuleList(
        (0-11): 12 x BartDecoderLayer(
          (self_attn): BartSdpaAttention(
            (k_proj): Linear(in_features=1024, out_features=1024, bias=True)
            (v_proj): Linear(in_features=1024, out_features=1024, bias=True)
            (q_proj): Linear(in_features=1024, out_features=1024, bias=True)
            (out_proj): Linear(in_features=1024, out_features=1024, bias=True)
          )
          (activation_fn): GELUActivation()
          (self_attn_layer_norm): LayerNorm((1024,), eps=1e-05, elementwise_affine=True)
          (encoder_attn): BartSdpaAttention(
            (k_proj): Linear(in_features=1024, out_features=1024, bias=True)
            (v_proj): Linear(in_features=1024, out_features=1024, bias=True)
            (q_proj): Linear(in_features=1024, out_features=1024, bias=True)
            (out_proj): Linear(in_features=1024, out_features=1024, bias=True)
          )
          (encoder_attn_layer_norm): LayerNorm((1024,), eps=1e-05, elementwise_affine=True)
          (fc1): Linear(in_features=1024, out_features=4096, bias=True)
          (fc2): Linear(in_features=4096, out_features=1024, bias=True)
          (final_layer_norm): LayerNorm((1024,), eps=1e-05, elementwise_affine=True)
        )
      )
      (layernorm_embedding): LayerNorm((1024,), eps=1e-05, elementwise_affine=True)
    )
  )
  (classifier): Classifier(
    (classifier): Linear(in_features=1024, out_features=40030, bias=False)
  )
  (encoder_description): Encoder(
    (encoder): BartEncoder(
      (embed_tokens): Embedding(40030, 1024, padding_idx=1)
      (embed_positions): BartLearnedPositionalEmbedding(1026, 1024)
      (layers): ModuleList(
        (0-11): 12 x BartEncoderLayer(
          (self_attn): BartSdpaAttention(
            (k_proj): Linear(in_features=1024, out_features=1024, bias=True)
            (v_proj): Linear(in_features=1024, out_features=1024, bias=True)
            (q_proj): Linear(in_features=1024, out_features=1024, bias=True)
            (out_proj): Linear(in_features=1024, out_features=1024, bias=True)
          )
          (self_attn_layer_norm): LayerNorm((1024,), eps=1e-05, elementwise_affine=True)
          (activation_fn): GELUActivation()
          (fc1): Linear(in_features=1024, out_features=4096, bias=True)
          (fc2): Linear(in_features=4096, out_features=1024, bias=True)
          (final_layer_norm): LayerNorm((1024,), eps=1e-05, elementwise_affine=True)
        )
      )
      (layernorm_embedding): LayerNorm((1024,), eps=1e-05, elementwise_affine=True)
    )
  )
  (encoder_summary): Encoder(
    (encoder): BartEncoder(
      (embed_tokens): Embedding(40030, 1024, padding_idx=1)
      (embed_positions): BartLearnedPositionalEmbedding(1026, 1024)
      (layers): ModuleList(
        (0-11): 12 x BartEncoderLayer(
          (self_attn): BartSdpaAttention(
            (k_proj): Linear(in_features=1024, out_features=1024, bias=True)
            (v_proj): Linear(in_features=1024, out_features=1024, bias=True)
            (q_proj): Linear(in_features=1024, out_features=1024, bias=True)
            (out_proj): Linear(in_features=1024, out_features=1024, bias=True)
          )
          (self_attn_layer_norm): LayerNorm((1024,), eps=1e-05, elementwise_affine=True)
          (activation_fn): GELUActivation()
          (fc1): Linear(in_features=1024, out_features=4096, bias=True)
          (fc2): Linear(in_features=4096, out_features=1024, bias=True)
          (final_layer_norm): LayerNorm((1024,), eps=1e-05, elementwise_affine=True)
        )
      )
      (layernorm_embedding): LayerNorm((1024,), eps=1e-05, elementwise_affine=True)
    )
  )
)
Starting training...
Training epoch: 1
Training epoch: 1 - Batch: 0
